// Jest Snapshot v1, https://goo.gl/fbAQLP

exports[`parametersFromObject multiple parameters 1`] = `"body.first, body.second"`;

exports[`parametersFromObject single parameter 1`] = `"body.first"`;

exports[`typedParameters multiple parameters 1`] = `"first: number, second: string"`;

exports[`typedParameters single parameter 1`] = `"first: number"`;

exports[`untypedParameters multiple parameters 1`] = `"first, second"`;

exports[`untypedParameters single parameter 1`] = `"first"`;
