// Jest Snapshot v1, https://goo.gl/fbAQLP

exports[`Array Number 1`] = `"number[]"`;

exports[`Array Ref 1`] = `"Something[]"`;

exports[`Boolean 1`] = `"boolean"`;

exports[`Date 1`] = `"Date"`;

exports[`ModelRef 1`] = `"Something"`;

exports[`Null 1`] = `"null"`;

exports[`Number 1`] = `"number"`;

exports[`Object 1`] = `"{a: number;b: string;c: Something}"`;

exports[`OneOfTypes 1`] = `"(number | Something)"`;

exports[`String 1`] = `"string"`;

exports[`Tuple 1`] = `"[string, Something]"`;

exports[`Undefined 1`] = `"undefined"`;

exports[`Untyped 1`] = `"void"`;
